         888         953           9         512        3552         953           0
         281         512          36         510          35
         280         525         512         524         510
         281         513         511         512          36
         282         518         513         525         512
         179         329         328         314         327
         177         311         310          34         309
         178          33          32         311         310
         185         330          31         329         328
         187         318         337         323         336
         187         320         318         324         323
         186          30         335         318         337
         186         319          30         320         318
         175         298         300         303         302
         175         297         299         298         300
         174         337         298         336         303
         174         335         297         337         298
         255         459         423         458         424
         173         300         459         302         458
         172         299         457         300         459
         255         457         422         459         423
         249         427         421         426         432
         254         423         427         424         426
         254         422         425         423         427
         248         425         420         427         421
         251         419         438         431         437
         251         421         419         432         431
         250          29         436         419         438
         250         420          29         421         419
         231         395         393         398         397
         231         394         392         395         393
         229         438         395         437         398
         228         436         394         438         395
         235         412         400         411         407
         230         393         412         397         411
         230         392         410         393         412
         235         410         399         412         400
         233         401         953         405         952
         232         402         951         401         953
         234         399         402         400         401
         234         400         401         407         405
         491         845         850         844         849
         491         953         845         952         844
         489         843          28         845         850
         488         951         843         953         845
         495         851         880         847         879
         494         850         851         849         847
         494         848         881         851         880
         489          28         848         850         851
         502         859         861         863         862
         503         881          27         880         859
         502         880         859         879         863
         503          27         860         859         861
         507         875         874         873         864
         501         861         875         862         873
         500         858         872         875         874
         501         860         858         861         875
         395         904         903         902         701
         506          26         905         904         903
         507         874         904         864         902
         506         872          26         874         904
         393         707         706         700         705
         392         905         708         903         707
         398         708         702         707         706
         393         903         707         701         700
         397         704         742         703         741
         399         702          25         706         704
         398         706         704         705         703
         399          25         740         704         742
         407         715         717         719         718
         407         714         716         715         717
         406         742         715         741         719
         406         740         714         742         715
         413         736         735         734         730
         405         716          24         717         736
         404         717         736         718         734
         405          24         733         736         735
         415         724          23         726         725
         415         723          22         724          23
         414         735         724         730         726
         414         733         723         735         724
         278         522         525         504         524
         278         509         523         507         522
         279         507         522          21         504
         283         523         518         522         525
         181         317         326         313         325
         183         316         315          20         312
         177          34         309         316         315
         180         314         327         317         326
         171         334         332         333         308
         191         322         334         321         333
         189         324         323         322         334
         188         323         336         334         332
         169         296         301         307         306
         170         336         303         332         296
         171         332         296         308         307
         170         303         302         296         301
         253         456         430         455         454
         173         302         458         301         456
         168         301         456         306         455
         253         458         424         456         430
         243         429         428         413         418
         243         430         429         454         413
         249         426         432         429         428
         252         424         426         430         429
         247         415         435         416         434
         247         428         415         418         416
         246         432         431         428         415
         246         431         437         415         435
         227         396         390         433         391
         227         398         397         396         390
         225         435         396         434         433
         229         437         398         435         396
         239         409         403         408         404
         226         390         409         391         408
         239         411         407         409         403
         226         397         411         390         409
         237         406         950         931         949
         233         405         952         406         950
         238         403         406         404         931
         238         407         405         403         406
         483         855         854         841         852
         490         844         849         855         854
         490         952         844         950         855
         483         950         855         949         841
         493         846         878         853         877
         492         849         847         854         846
         495         847         879         846         878
         493         854         846         852         853
         499         857         870         856         869
         498         879         863         878         857
         498         863         862         857         870
         497         878         857         877         856
         509         871         868         865         867
         509         870         871         869         865
         499         862         873         870         871
         505         873         864         871         868
         511         901         900         866         899
         395         902         701         901         900
         504         868         901         867         866
         505         864         902         868         901
         387         711         710         695         699
         386         900         711         899         695
         394         701         700         900         711
         394         700         705         711         710
         389         709         737         697         696
         396         705         703         710         709
         397         703         741         709         737
         390         710         709         699         697
         403         739         713         738         712
         389         737         739         696         738
         401         719         718         739         713
         400         741         719         737         739
         409         732         729         731         722
         401         718         734         713         732
         408         734         730         732         729
         403         713         732         712         731
         411         728         727         721         720
         411         729         728         722         721
         413         730         726         729         728
         412         726         725         728         727
         350         624         693         611         692
         339         622         691         624         693
         350         623         622         613         624
         351         613         624          19         611
         134         349         348         255         254
         135         347         346         252         251
         181         313         325         349         348
         183          20         312         347         346
         163         331         291         345         344
         162         333         308         331         291
         191         321         333         343         331
         163         343         331         342         345
         161         305         304         294         295
         169         307         306         305         304
         162         308         307         291         305
         161         291         305         344         294
         167         292         453         293         452
         167         455         454         292         453
         166         306         455         304         292
         166         304         292         295         293
         241         414         417         447         446
         242         413         418         414         417
         242         454         413         453         414
         240         453         414         452         447
         219         445         443         444         373
         245         418         416         417         445
         241         417         445         446         444
         245         416         434         445         443
         195         442         441         389         353
         244         434         433         443         442
         225         433         391         442         441
         219         443         442         373         389
         197         440         439         355         352
          50         117         116         108         103
         209         388         387         482         481
         478         832         825         926         925
         443         797         796         795         770
         335         604         603         598         596
         107         223         193         222         194
         193         384         350         386         363
          74         151         930         148         929
         223         374         375         383         382
         477         824         837         924         923
          51         115         238         236         237
         109         196         937         935         936
         327         588         676         591         590
         122         211         214         220         219
          57         138         242         137         241
         329         595         597         594         592
         435         764         765         922         921
         349         621         620         617         623
          63         126         111         125         119
         358         634         690         644         689
         115         204         205         235         234
          78         228         227         159         150
         215         369         372         480         479
         158         340         338         285         277
         301         547         543         552          18
         205         358         361         478         477
         457         808         898         920         919
         270         497         496         495          17
          82         179         178         167         166
          49         107         102         106          16
         131         253         248         268         267
          93         232         231         172         173
         323         589         601         599         600
         155         275         276         476         475
         285         577         576         514          15
         418         794         793         786         744
         402         738         712         794         793
         443         796         794         770         786
         388         696         738         796         794
         419         792         791         749         750
         419         793         792         744         749
         305         566         553         586         585
         402         712         731         793         792
         409         731         722         792         791
         202         939         938         366         948
         459         814         897         804         896
         137         256         287         474         473
         201         356         946         472         945
          19          62          61          60          56
         433         785         784         918         917
          25          73          63         129         128
         317         562         565         564         563
         306         557         575         574         573
         313         560         559         584         583
          91         171         175         170         174
         295         539         538         537         536
          83         177         176         162         185
         263         485         486         499         498
          55         124         104         123         105
         286         521         519         523         518
          81         161         184         160         183
          33          88          81          87          80
         453         892         885         890         800
          29          69         245          68         244
         271         493         527         491         526
         279         506         507         505          21
         454         833         801         836         835
         363         668         639         667         638
         473         831         822         830         823
         431         763         762         761         760
         447         771         772         780         779
         439         766         769         916         915
         370         650         653         664         663
         302         908         906         907          14
         293         549         548         535         534
         381         661         659         660         658
         297         541         546         551         550
         287         579         578         520         515
          71         181         142         180         141
         337         608         688         607         687
         269         501         529         492         528
         282         517         516         513         511
          67         145         144          13         140
         259         488         484         487         483
         343         675         674         630         618
         199         354         351         365         364
         421         748         747         758         757
         146         269         341         274         270
         455         803         811         813         812
          13          55          54          53          47
          27          72          67          71          64
          17          78          57         132         131
         291         571         533         582         532
          69         230         229         182         155
          77         934         933         149         932
          34         122         121          79         120
         273         531         503         508         509
         328         597         626         592         625
         347         629         615          12         614
          59         110         240         109         239
         153         279         451         471         470
         117         218         216         217         209
         221         378         377         381         376
         429         756         755         914         913
          61         112         114         118         113
         275         581         580         530         502
         379         656         657         682         681
         265         489         500         490         494
         331         593         595          11         594
          97         187         192         202         201
         151         271         284         469         468
         417         781         743         783         759
          86         247         165         246         163
          14          50          48          49         127
         367         640         686         680         685
          47         136         135          92          95
         111         199         195         198         197
          65         143         154         139         153
          73         147         928         146         927
         461         807         810         912         911
         470         818         817         821         820
         365         643         641         642         679
          75         158         152         157         156
         339         605         684         622         691
          87         164         169          10         168
         103         188         944         200         943
          99         226         186         225         203
         341         673         672         606         609
         211         367         368         467         466
         351         616         613         612          19
         119         208         207         233         206
         345         628         619         627         610
         143         261         259         465         464
         423         790         789         746         745
         307         569         558         568         554
         445         775         774         778         773
         361         671         648         670         647
         465         815         829         910         909
          38         101         100          89          96
         321         678         677         587         602
         373         655         666         662         665
         359         637         636         646         645
         157         339         448         278         450
         486         876         892         891         890
         153         276         279         475         471
         157         278         450         281         449
         159         277         278         280         281
         158         338         339         277         278
         215         451         369         470         480
         213         450         383         449         370
         213         383         382         370         371
         160         344         294         341         340
         217         381         376         380         379
         212         382         381         371         380
         211         372         367         479         467
         236         408         404         440         439
         209         368         388         466         482
         192         386         363         385         362
         217         376         386         379         385
         485         852         853         840         839
         207         365         364         359         360
         207         363         365         362         359
         204         387         358         481         478
         482         949         841         838         842
         201         361         356         477         472
         203         366         948         357         947
         202         364         366         360         357
         165         293         452         339         448
         467         821         820         816         819
         467         948         821         947         816
         465         946         815         945         910
         165         295         293         338         339
         478         829         832         909         926
         474         830         823         828         827
         470         820         830         819         828
         481         838         842         889         888
         479         825         824         925         924
         475         836         835         826         834
         474         823         836         827         826
         223         448         374         450         383
         460         837         807         923         912
         463         835         813         834         806
         463         813         812         806         809
         222         452         447         448         374
         459         804         896         805         895
         458         812         804         809         805
         461         810         808         911         920
         222         447         446         374         375
         439         898         766         919         916
         437         780         779         767         768
         436         896         780         895         767
         224         391         408         441         440
         441         778         773         777         776
         437         779         778         768         777
         435         769         764         915         922
         349         617         623         616         613
         433         765         785         921         918
         425         783         759         782         752
         441         773         783         776         782
         218         444         373         378         377
         424         761         760         751         754
         425         759         761         752         751
         426         784         756         917         914
         221         375         378         382         381
         429         755         908         913         907
         430         758         757         753           9
         431         760         758         754         753
         449         884         883         802         799
         145         270         285         282         283
           3         460          39          37          38
           2         461         460           8          37
         216         377         384         376         386
           1          38          43          52          51
           1          39          42          38          43
           7          41          40          55          54
         348         615         616         614         612
          23          59          58          62          61
          21          77          59          76          62
          20          76          62          75          60
         220         446         444         375         378
          19          61          72          56          71
          31          70          65          72          67
          23          58          70          61          72
         497         877         856         876         892
          29          66         243          69         245
          31          65          66          67          69
          26          67          69          64          68
         487         840         839         887         886
         122         245         211         244         220
         123         210         215         211         214
         121         243         210         245         211
         195         389         353         384         350
         127         215         212         214         218
         123         214         218         219         217
         127         212         213         218         216
         218         373         389         377         384
         117         216         226         209         225
          99         224         221         226         186
         125         213         224         216         226
         496         856         869         892         885
          98         186         187         203         202
          97         190         191         187         192
          98         221         190         186         187
         199         355         352         354         351
         103         189         942         188         944
         102         192         188         201         200
         102         191         189         192         188
         194         353         355         350         354
         370         944         650         943         664
         371         649         654         650         653
         369         942         649         944         650
         193         350         354         363         365
         371         653         655         663         662
         375         651         652         655         666
         375         654         651         653         655
         481         941         838         940         889
         382         666         671         665         670
         355         669         632         671         648
         373         652         669         666         671
         198         351         939         364         366
         353         648         637         647         646
         352         631         635         637         636
         353         632         631         648         637
         480         940         889         939         938
         359         636         634         645         644
         357         633         683         634         690
         358         635         633         636         634
         410         722         721         791         790
         317         690         562         689         564
         319         561         570         562         565
         319         683         561         690         562
         508         869         865         885         884
         314         565         569         563         568
         309         567         556         569         558
         316         570         567         565         569
         133         249         250         266         265
         311         555         572         557         575
         307         558         557         554         574
         311         556         555         558         557
         469         938         818         948         821
         297         575         541         573         551
         299         540         544         541         546
         299         572         540         575         541
         198         352         940         351         939
         300         546         547         550         552
         303         545         542         547         543
         296         544         545         546         547
         452         885         884         800         802
         347         626         629         625          12
         346         627         610         629         615
         333         596         627         626         629
         469         889         888         938         818
           9           7          44          46          45
          12          53          47          50          48
           9          52          51           7          44
         468         888         887         818         817
          15          74          78         130         132
          18          60          56          78          57
          16          75          60          74          78
         346         610         617         615         616
          17          57          73         131         129
          27          71          64          73          63
          18          56          71          57          73
         510         865         867         884         883
          25          63         138         128         137
          26          68         244         138         242
          24          64          68          63         138
         471         817         831         820         830
         115         220         219         204         205
         114         242         204         241         235
         114         244         220         242         204
         473         886         891         831         822
         113         217         209         208         207
         113         219         217         205         208
         112         205         208         234         233
         471         887         886         817         831
         119         207         223         206         222
         107         225         203         223         193
         116         209         225         207         223
         196         441         440         353         355
         106         193         199         194         198
         111         202         201         199         195
         106         203         202         193         199
         487         839         876         886         891
         109         200         943         196         937
         110         195         196         197         935
         110         201         200         195         196
         453         890         800         833         801
         379         664         663         656         657
         378         943         664         937         656
         378         937         656         936         682
         472         891         890         822         833
         377         657         661         681         660
         382         662         665         661         659
         376         663         662         657         661
         451         883         882         799         798
         383         659         668         658         667
         361         670         647         668         639
         383         665         670         659         668
         454         801         803         835         813
         363         639         643         638         642
         360         647         646         639         643
         364         646         645         643         641
         475         822         833         823         836
         367         641         640         679         680
         366         644         689         640         686
         366         645         644         641         640
         132         252         251         249         250
         313         686         560         685         584
         314         564         563         560         559
         312         689         564         686         560
         451         882         894         798         893
         315         559         566         583         586
         304         568         554         566         553
         315         563         568         559         566
         455         800         802         801         803
         305         553         571         585         582
         289         574         573         571         533
         306         554         574         553         571
         423         791         790         750         746
         291         533         539         532         537
         288         551         550         539         538
         289         573         551         533         539
         449         802         799         803         811
         293         538         549         536         535
         301         552          18         549         548
         292         550         552         538         549
         511         866         899         882         894
         266         693         497         692         495
         267         490         494         497         496
         266         691         490         693         497
         448         799         798         811         814
          10          49         127         136         135
          45         134         133           6          91
          11          46          45         134         133
         458         811         814         812         804
          43          94         126          93         125
          63         132         131         126         111
          42         130         132          94         126
         450         798         893         814         897
          62         111         112         119         118
          60         129         128         112         114
          62         131         129         111         112
         484         842         840         888         887
          57         137         241         110         240
          56         128         137         114         110
          59         114         110         113         109
         129         255         254         253         248
          91         240         171         239         170
          89         235         234         171         175
          88         241         235         240         171
         447         897         771         896         780
          93         175         232         174         172
         118         233         206         232         231
          89         234         233         175         232
         446         788         787         771         772
          94         231         230         173         182
         105         222         194         230         229
         118         206         222         231         230
         385         694         698         788         787
          78         229         228         155         159
         104         198         197         228         227
         105         194         198         229         228
         445         772         775         779         778
         326         935         936         934         933
          79         227         934         150         149
         108         197         935         227         934
         486         853         877         839         876
         325         933         588         932         591
         327         682         681         588         676
         326         936         682         933         588
         446         893         788         897         771
         320         676         678         590         587
         381         660         658         678         677
         377         681         660         676         678
         510         867         866         883         882
         334         677         675         602         630
         362         667         638         675         674
         380         658         667         677         675
         442         795         770         775         774
         343         674         673         618         606
         362         638         642         674         673
         365         642         679         673         672
         444         787         795         772         775
         336         680         685         608         688
         340         679         680         672         608
         341         672         608         609         607
         147         342         345         290         269
         263         688         485         687         499
         262         584         583         485         486
         262         685         584         688         485
         387         695         699         694         698
         261         486         488         498         487
         259         586         585         488         484
         260         583         586         486         488
         442         770         786         774         781
         290         582         532         581         580
         257         484         581         483         530
         258         585         582         484         581
         416         786         744         781         743
         275         580         579         502         520
         295         537         536         579         578
         290         532         537         580         579
         440         774         781         773         783
         284         578         577         515         514
         294         535         534         577         576
         294         536         535         578         577
         482         931         949         941         838
         270         496         493          17         491
         268         492         528         493         527
         271         494         492         496         493
         420         749         750         763         762
          39          99          98          86          85
          46          92          95         101         100
          45           6          91          99          98
         146         290         269         289         274
          41          90         124          97         123
          55         125         119         124         104
          43          93         125          90         124
         418         744         749         743         763
          54         104         117         105         108
          61         118         113         117         116
          54         119         118         104         117
         485         841         852         842         840
          51         116         115         103         236
          58         109         239         115         238
          58         113         109         116         115
         421         762         748         760         758
          90         170         174         179         178
          85         238         179         237         167
          90         239         170         238         179
         147         345         344         269         341
          83         178         177         166         162
          94         172         173         177         176
          92         174         172         178         177
         417         743         763         759         761
          95         176         181         185         180
          69         182         155         181         142
          95         173         182         176         181
         385         894         694         893         788
          71         142         158         141         157
          79         159         150         158         152
          68         155         159         142         158
         422         750         746         762         748
          75         152         151         156         148
          77         149         932         151         930
          76         150         149         152         151
         422         746         745         748         747
         324         930         589         929         599
         323         591         590         589         601
         325         932         591         930         589
         197         439         941         352         940
         332         601         604         600         598
         321         587         602         604         603
         322         590         587         601         604
         384         899         695         894         694
         335         603         628         596         627
         344         630         618         628         619
         334         602         630         603         628
         329         600         598         595         597
         342         606         609         621         620
         345         619         621         610         617
         342         618         606         619         621
         333         598         596         597         626
         338         620         605         623         622
         337         607         687         605         684
         338         609         607         620         605
         141           5         261         258         465
         267         684         489         691         490
         265         499         498         489         500
         264         687         499         684         489
         237         404         931         439         941
         269         500         501         494         492
         256         487         483         501         529
         261         498         487         500         501
         143         259         264         464         463
         274         530         502         531         503
         272         529         531         528         508
         257         483         530         529         531
         410         721         720         790         789
         273         503         521         509         523
         287         520         515         521         519
         274         502         520         503         521
         138         268         267         257         286
         283         519         517         518         513
         285         514          15         517         516
         286         515         514         519         517
         391         699         697         698         797
         277         527         506         526         505
         276         508         509         506         507
         277         528         508         527         506
         164         294         295         340         338
          37          83          84           4           3
          33          89          96          88          81
          36          86          85          83          84
         139         266         265         263         262
          35          82         122           2          79
          53         123         105         122         121
          34          97         123          82         122
         144         274         270         273         282
          52         121         107         120         106
          48         108         103         107         102
          53         105         108         121         107
         390         697         696         797         796
          86         236         237         247         165
          50         103         236         102         247
          49         102         247          16         246
         149         289         274         288         273
          87         165         164         163          10
          84         167         166         164         169
          85         237         167         165         164
         145         341         340         270         285
          80         169         161         168         160
          81         162         185         161         184
          82         166         162         169         161
         151         272         271         462         469
          67         184         145         183          13
          70         180         141         145         144
          66         185         180         184         145
         391         698         797         787         795
          64         144         143         140         139
          65         157         156         143         154
          70         141         157         144         143
         155         284         275         468         476
          72         154         147         153         146
          73         148         929         147         928
          74         156         148         154         147
         159         285         277         283         280
         331         928         593         927          11
         330         599         600         593         595
         330         929         599         928         593
           3         465         464         460          39
         140         258         465         461         460
           0         464         463          39          42
           5         474         473          41          40
          22         469         468          59          58
          21         462         469          77          59
          30         476         475          70          65
          22         468         476          58          70
          28         471         470          66         243
          30         475         471          65          66
         120         480         479         210         215
         121         470         480         243         210
         126         479         467         215         212
         126         467         466         212         213
         124         482         481         224         221
         125         466         482         213         224
         101         478         477         190         191
          96         481         478         221         190
         100         472         945         189         942
         101         477         472         191         189
         368         910         909         649         654
         369         945         910         942         649
         374         926         925         651         652
         374         909         926         654         651
         355         924         923         669         632
         372         925         924         652         669
         354         912         911         631         635
         354         923         912         632         631
         357         920         919         633         683
         356         911         920         635         633
         318         916         915         561         570
         318         919         916         683         561
         309         922         921         567         556
         308         915         922         570         567
         310         918         917         555         572
         310         921         918         556         555
         298         914         913         540         544
         298         917         914         572         540
         302         907          14         545         542
         303         913         907         544         545
         206         385         362         388         387
         479         828         827         832         825
         477         826         834         824         837
         434         777         776         764         765
         214         370         371         369         372
         205         359         360         358         361
         457         805         895         808         898
         154         283         280         275         276
         136         257         286         256         287
         203         357         947         356         946
         426         782         752         785         784
         438         767         768         766         769
         430         753           9         908         906
         156         281         449         279         451
         427         751         754         756         755
         150         273         282         271         284
         462         806         809         807         810
         210         380         379         367         368
         142         260         263         261         259
         466         816         819         815         829
         152         280         281         276         279
         214         449         370         451         369
         210         371         380         372         367
         208         379         385         368         388
         206         362         359         387         358
         200         360         357         361         356
         464         947         816         946         815
         466         819         828         829         832
         476         827         826         825         824
         462         834         806         837         807
         456         809         805         810         808
         438         895         767         898         766
         434         768         777         769         764
         432         776         782         765         785
         427         752         751         784         756
         428         754         753         755         908
         141           1         260           5         261
         142         263         262         259         264
         150         288         273         272         271
         154         282         283         284         275
         179         310         329         309         314
         178          32         330         310         329
         182         315         317         312         313
         176         309         314         315         317
         135         346         349         251         255
         182         312         313         346         349
           6          43          55          51          53
           6          42          41          43          55
         133         250         253         265         268
          11          44          50          45          49
           8          51          53          44          50
         134         251         255         250         253
          46         133         136          91          92
          10          45          49         133         136
          39          98         101          85          89
          44          91          92          98         101
         137         264         256         463         474
          37          84          88           3          87
          38          85          89          84          88
         139         265         268         262         257
           7         463         474          42          41
         138         262         257         264         256
         184         328         320         327         324
         185          31         319         328         320
         190         326         322         325         321
         189         327         324         326         322
         128         348         343         254         342
         190         325         321         348         343
         131         248         290         267         289
         148         287         272         473         462
          35          81          82          80           2
          13          54          76          47          75
          14          48          74         127         130
          47         135          94          95          93
          41         100          90          96          97
           4          40          77          54          76
          15          47          75          48          74
          42         127         130         135          94
         129         254         342         248         290
          40          95          93         100          90
         130         267         289         286         288
          32          96          97          81          82
           5         473         462          40          77
         149         286         288         287         272
